
[93m============================================================
Hostel Fee Integration Tests
============================================================[0m


[94m=== Testing Backend Connection ===[0m
[91mERROR: Connection test crashed: 'charmap' codec can't encode character '\u2713' in position 5: character maps to <undefined>[0m

[94m=== Testing Authentication ===[0m
[91mERROR: Authentication test crashed: 'charmap' codec can't encode character '\u2192' in position 5: character maps to <undefined>[0m

[94m=== Testing Hostel List ===[0m
[91mERROR: List Hostels test crashed: 'charmap' codec can't encode character '\u2192' in position 5: character maps to <undefined>[0m

[94m=== Testing Student List ===[0m
[91mERROR: List Students test crashed: 'charmap' codec can't encode character '\u2192' in position 5: character maps to <undefined>[0m

[94m=== Testing Fee Structure Creation ===[0m
[91mERROR: Create Fee Structure test crashed: 'charmap' codec can't encode character '\u2192' in position 5: character maps to <undefined>[0m

[94m=== Testing Fee Structure Retrieval ===[0m
[91mERROR: Get Fee Structure test crashed: 'charmap' codec can't encode character '\u2717' in position 5: character maps to <undefined>[0m

[94m=== Testing Fee Structure List ===[0m
[91mERROR: List Fee Structures test crashed: 'charmap' codec can't encode character '\u2192' in position 5: character maps to <undefined>[0m

[94m=== Testing Hostel Fee Creation ===[0m
[91mERROR: Create Hostel Fee test crashed: 'charmap' codec can't encode character '\u2192' in position 5: character maps to <undefined>[0m

[94m=== Testing Fee Retrieval ===[0m
[91mERROR: Get Fee Details test crashed: 'charmap' codec can't encode character '\u2717' in position 5: character maps to <undefined>[0m

[94m=== Testing Fee Payment & GL Auto-Posting ===[0m
[91mERROR: Record Payment & GL Post test crashed: 'charmap' codec can't encode character '\u2192' in position 5: character maps to <undefined>[0m

[94m=== Testing Partial Payment ===[0m
[91mERROR: Partial Payment test crashed: 'charmap' codec can't encode character '\u2192' in position 5: character maps to <undefined>[0m

[94m=== Testing Fee List ===[0m
[91mERROR: List Fees test crashed: 'charmap' codec can't encode character '\u2192' in position 5: character maps to <undefined>[0m

[94m=== Testing Fee Summary Report ===[0m
[91mERROR: Fee Summary Report test crashed: 'charmap' codec can't encode character '\u2192' in position 5: character maps to <undefined>[0m

[94m=== Testing Fee Structure Update ===[0m
[91mERROR: Update Fee Structure test crashed: 'charmap' codec can't encode character '\u2717' in position 5: character maps to <undefined>[0m

[94m=== Testing Fee Structure Deletion ===[0m
[91mERROR: Delete Fee Structure test crashed: 'charmap' codec can't encode character '\u2717' in position 5: character maps to <undefined>[0m

[94m=== Testing Bulk Billing ===[0m
[91mERROR: Bulk Billing test crashed: 'charmap' codec can't encode character '\u2192' in position 5: character maps to <undefined>[0m

[94m=== Testing RBAC for Fee Operations ===[0m
[91mERROR: RBAC Access Control test crashed: 'charmap' codec can't encode character '\u2192' in position 5: character maps to <undefined>[0m

[94m=== Testing Multi-Tenancy Isolation ===[0m
[91mERROR: Multi-Tenancy test crashed: 'charmap' codec can't encode character '\u2192' in position 5: character maps to <undefined>[0m

[93m============================================================
Test Summary
============================================================[0m

[91m[FAIL][0m Connection
[91m[FAIL][0m Authentication
[91m[FAIL][0m List Hostels
[91m[FAIL][0m List Students
[91m[FAIL][0m Create Fee Structure
[91m[FAIL][0m Get Fee Structure
[91m[FAIL][0m List Fee Structures
[91m[FAIL][0m Create Hostel Fee
[91m[FAIL][0m Get Fee Details
[91m[FAIL][0m Record Payment & GL Post
[91m[FAIL][0m Partial Payment
[91m[FAIL][0m List Fees
[91m[FAIL][0m Fee Summary Report
[91m[FAIL][0m Update Fee Structure
[91m[FAIL][0m Delete Fee Structure
[91m[FAIL][0m Bulk Billing
[91m[FAIL][0m RBAC Access Control
[91m[FAIL][0m Multi-Tenancy

[94mTotal: 0/18 tests passed[0m

[93m============================================================
Hostel Fee Features Tested
============================================================[0m
python : Traceback (most recent call last):
At line:1 char:1
+ python test_hostel_fees_integration.py > test_output.txt 2>&1 ; finds ...
+ ~~~~~~~~~~~~~~~~~~~~~~~~~~~~~~~~~~~~~~~~~~~~~~~~~~~~~~~~~~~~~
    + CategoryInfo          : NotSpecified: (Traceback (most recent call last)::String) [], RemoteException
    + FullyQualifiedErrorId : NativeCommandError
 
  File "C:\Users\sasba\Downloads\school-erp-frontend\backend\test_hostel_fees_integration.py", line 657, in 
<module>
    sys.exit(tester.run_all_tests())
             ^^^^^^^^^^^^^^^^^^^^^^
  File "C:\Users\sasba\Downloads\school-erp-frontend\backend\test_hostel_fees_integration.py", line 625, in 
run_all_tests
    print(f"\u2713 Fee Structure Management (CRUD operations)")
  File "C:\Users\sasba\AppData\Local\Programs\Python\Python311\Lib\encodings\cp1252.py", line 19, in encode
    return codecs.charmap_encode(input,self.errors,encoding_table)[0]
           ^^^^^^^^^^^^^^^^^^^^^^^^^^^^^^^^^^^^^^^^^^^^^^^^^^^^^^^
UnicodeEncodeError: 'charmap' codec can't encode character '\u2713' in position 0: character maps to 
<undefined>
